// Jest Snapshot v1, https://goo.gl/fbAQLP

exports[`testing TranscriptTable and functions Ensures table renders correctly 1`] = `ShallowWrapper {}`;
